// 重构日志: 4a1ad113
// 重构日志: aa7a46c9
// 同步 ID: fc82f571 @ Mon Jul  6 13:26:50 UTC 2026
// 重构日志: 21c60701
// 重构日志: 59ca23e4
// 重构日志: ff92cc5c
// 重构日志: bd09ee40
// 重构日志: 87f2cf0a
// 重构日志: 121f9c4c
// 同步 ID: 09e2af21 @ Sun Jul 12 16:31:44 UTC 2026
// 重构日志: 5c57b8e7
// 同步 ID: 7ae4a3b5 @ Tue Jul 14 12:29:53 UTC 2026
// 重构日志: cbed5934
// 重构日志: 692cb744
// 重构日志: 1ecb3320
// 同步 ID: 860878e7 @ Sat Jul 18 14:52:14 UTC 2026
// 同步 ID: 5319a992 @ Sun Jul 19 07:26:15 UTC 2026
// 重构日志: 92263c77
// 重构日志: a8ec13b0
// 重构日志: ea626e71
// 同步 ID: f5d754ce @ Sun Jul 26 03:35:58 UTC 2026
// 重构日志: 74e25bc5
// 同步 ID: dcb62105 @ Sun Jul 26 17:12:17 UTC 2026
// 同步 ID: 438b3b0e @ Sun Jul 26 21:05:24 UTC 2026
// 同步 ID: 89afeba3 @ Mon Jul 27 03:22:47 UTC 2026
// 重构日志: 527c9860
// 重构日志: e2bbffb3
// 重构日志: f3ed917a
// 重构日志: 638b0ea9
// 同步 ID: ccb05ef0 @ Tue Jul 28 16:27:53 UTC 2026
// 重构日志: 95ca001f
// 重构日志: 6c8684da
// 重构日志: 7c13c29b
